λ python build-theme-v2.0.1.py -c 200
  ✕ Rejected dustyStandardTheme (Dusty Standard): statusNominal contrast failed (2.52:1 < 3.0:1)
  ✓ [1/200] Generated: stingySpellTheme (Stingy Spell)
  ✕ Rejected lowlyPriorityTheme (Lowly Priority): accent contrast failed (1.23:1 < 3.0:1)
  ✓ [2/200] Generated: gentleForeignerTheme (Gentle Foreigner)
  ✓ [3/200] Generated: alikeBeefTheme (Alike Beef)
  ✓ [4/200] Generated: languidMiddleTheme (Languid Middle)
  ✓ [5/200] Generated: cheerfulUniformityTheme (Cheerful Uniformity)
  ✓ [6/200] Generated: fuzzyWraparoundTheme (Fuzzy Wraparound)
  ✓ [7/200] Generated: rampantAntigenTheme (Rampant Antigen)
  ✕ Rejected scintillatingProductionTheme (Scintillating Production): statusWarning contrast failed (2.98:1 < 3.0:1)
  ✓ [8/200] Generated: splendidProximalTheme (Splendid Proximal)
  ✓ [9/200] Generated: grumpyEquationTheme (Grumpy Equation)
  ✕ Rejected muteEcosystemTheme (Mute Ecosystem): statusWarning contrast failed (1.74:1 < 3.0:1)
  ✕ Rejected haltingCurriculumTheme (Halting Curriculum): statusWarning contrast failed (1.74:1 < 3.0:1)
  ✓ [10/200] Generated: shockingBandolierTheme (Shocking Bandolier)
  ✕ Rejected decorousWraparoundTheme (Decorous Wraparound): statusWarning contrast failed (1.74:1 < 3.0:1)
  ✓ [11/200] Generated: auspiciousCoinsuranceTheme (Auspicious Coinsurance)
  ✓ [12/200] Generated: unarmedSkunkTheme (Unarmed Skunk)
  ✕ Rejected zonkedSubsidenceTheme (Zonked Subsidence): statusWarning contrast failed (1.74:1 < 3.0:1)
  ✕ Rejected noisyDaisyTheme (Noisy Daisy): statusWarning contrast failed (1.74:1 < 3.0:1)
  ✕ Rejected purpleThermometerTheme (Purple Thermometer): statusWarning contrast failed (1.74:1 < 3.0:1)
  ✓ [13/200] Generated: muddledBalloonTheme (Muddled Balloon)
  ✓ [14/200] Generated: strangePostageTheme (Strange Postage)
  ✓ [15/200] Generated: overratedClaveTheme (Overrated Clave)
  ✓ [16/200] Generated: hilariousMetroTheme (Hilarious Metro)
  ✕ Rejected tameOfficialTheme (Tame Official): statusWarning contrast failed (1.61:1 < 3.0:1)
  ✓ [17/200] Generated: badToughGuyTheme (Bad Tough-Guy)
  ✕ Rejected lopsidedBlessingTheme (Lopsided Blessing): accent contrast failed (2.79:1 < 3.0:1)
  ✓ [18/200] Generated: capriciousRepresentationTheme (Capricious Representation)
  ✓ [19/200] Generated: blushingCabbageTheme (Blushing Cabbage)
  ✓ [20/200] Generated: quizzicalStickTheme (Quizzical Stick)
  ✕ Rejected ripeEyelidsTheme (Ripe Eyelids): accent contrast failed (2.93:1 < 3.0:1)
  ✕ Rejected horribleIllegalTheme (Horrible Illegal): statusNominal contrast failed (2.54:1 < 3.0:1)
  ✓ [21/200] Generated: blackYamTheme (Black Yam)
  ✕ Rejected adorableSubcomponentTheme (Adorable Subcomponent): statusWarning contrast failed (1.74:1 < 3.0:1)
  ✓ [22/200] Generated: strongChinoTheme (Strong Chino)
  ✕ Rejected festiveQuotaTheme (Festive Quota): accent contrast failed (2.52:1 < 3.0:1)
  ✕ Rejected gentlePlasterboardTheme (Gentle Plasterboard): statusNominal contrast failed (2.32:1 < 3.0:1)
  ✕ Rejected irateRailTheme (Irate Rail): accent contrast failed (2.03:1 < 3.0:1)
  ✕ Rejected macabreAntiqueTheme (Macabre Antique): accent contrast failed (2.74:1 < 3.0:1)
  ✓ [23/200] Generated: diligentSwimsuitTheme (Diligent Swimsuit)
  ✕ Rejected pointlessRealityTheme (Pointless Reality): accent contrast failed (1.72:1 < 3.0:1)
  ✕ Rejected economicEmergentTheme (Economic Emergent): statusCritical contrast failed (2.72:1 < 3.0:1)
  ✕ Rejected exultantAbundanceTheme (Exultant Abundance): textSecondary contrast failed (2.72:1 < 3.0:1)
  ✕ Rejected overjoyedNoodleTheme (Overjoyed Noodle): textSecondary contrast failed (2.65:1 < 3.0:1)
  ✕ Rejected flawlessEffectiveTheme (Flawless Effective): textSecondary contrast failed (2.53:1 < 3.0:1)
  ✕ Rejected deliciousGuineaTheme (Delicious Guinea): textSecondary contrast failed (2.35:1 < 3.0:1)
  ✕ Rejected subsequentIntensityTheme (Subsequent Intensity): textSecondary contrast failed (2.84:1 < 3.0:1)
  ✓ [24/200] Generated: smilingIncentiveTheme (Smiling Incentive)
  ✓ [25/200] Generated: nonchalantSoutheastTheme (Nonchalant Southeast)
  ✕ Rejected inconclusiveTogTheme (Inconclusive Tog): textSecondary contrast failed (2.58:1 < 3.0:1)
  ✕ Rejected synonymousRaftTheme (Synonymous Raft): statusNominal contrast failed (2.67:1 < 3.0:1)
  ✓ [26/200] Generated: knowledgeableThumbTheme (Knowledgeable Thumb)
  ✓ [27/200] Generated: parchedGigantismTheme (Parched Gigantism)
  ✓ [28/200] Generated: purringDudeTheme (Purring Dude)
  ✕ Rejected addictedDashboardTheme (Addicted Dashboard): statusWarning contrast failed (2.48:1 < 3.0:1)
  ✕ Rejected possessiveSocksTheme (Possessive Socks): statusWarning contrast failed (2.48:1 < 3.0:1)
  ✕ Rejected onerousTourTheme (Onerous Tour): statusWarning contrast failed (2.48:1 < 3.0:1)
  ✕ Rejected watchfulAttitudeTheme (Watchful Attitude): accent contrast failed (2.64:1 < 3.0:1)
  ✕ Rejected receptiveBriefTheme (Receptive Brief): accent contrast failed (2.64:1 < 3.0:1)
  ✓ [29/200] Generated: homelessBongoTheme (Homeless Bongo)
  ✓ [30/200] Generated: debonairShirtTheme (Debonair Shirt)
  ✓ [31/200] Generated: humdrumUrnTheme (Humdrum Urn)
  ✓ [32/200] Generated: profuseWidowTheme (Profuse Widow)
  ✕ Rejected imaginaryDurianTheme (Imaginary Durian): statusCritical contrast failed (1.83:1 < 3.0:1)
  ✕ Rejected grievingHeaterTheme (Grieving Heater): accent contrast failed (2.86:1 < 3.0:1)
  ✕ Rejected dazzlingActionTheme (Dazzling Action): accent contrast failed (2.86:1 < 3.0:1)
  ✓ [33/200] Generated: plainManiacTheme (Plain Maniac)
  ✕ Rejected squeamishSledgeTheme (Squeamish Sledge): textSecondary contrast failed (2.82:1 < 3.0:1)
  ✓ [34/200] Generated: parsimoniousTraderTheme (Parsimonious Trader)
  ✓ [35/200] Generated: subsequentInsightTheme (Subsequent Insight)
  ✕ Rejected humorousPlayTheme (Humorous Play): textSecondary contrast failed (2.47:1 < 3.0:1)
  ✕ Rejected typicalConsistencyTheme (Typical Consistency): textSecondary contrast failed (2.47:1 < 3.0:1)
  ✓ [36/200] Generated: parsimoniousBonfireTheme (Parsimonious Bonfire)
  ✓ [37/200] Generated: narrowMoneyTheme (Narrow Money)
  ✕ Rejected handsomelyIceCreamTheme (Handsomely Ice-Cream): statusNominal contrast failed (2.68:1 < 3.0:1)
  ✓ [38/200] Generated: barbarousColleagueTheme (Barbarous Colleague)
  ✓ [39/200] Generated: rapidBeastTheme (Rapid Beast)
  ✕ Rejected ruralLordTheme (Rural Lord): textSecondary contrast failed (2.92:1 < 3.0:1)
  ✕ Rejected thinkableGeyserTheme (Thinkable Geyser): textSecondary contrast failed (2.24:1 < 3.0:1)
  ✓ [40/200] Generated: oafishHarpsichordTheme (Oafish Harpsichord)
  ✕ Rejected obsequiousPortraitTheme (Obsequious Portrait): textSecondary contrast failed (2.16:1 < 3.0:1)
  ✕ Rejected offbeatContentTheme (Offbeat Content): textSecondary contrast failed (2.59:1 < 3.0:1)
  ✕ Rejected deepBillionTheme (Deep Billion): textSecondary contrast failed (2.39:1 < 3.0:1)
  ✕ Rejected gabbyCoilTheme (Gabby Coil): textSecondary contrast failed (2.22:1 < 3.0:1)
  ✕ Rejected whimsicalAudienceTheme (Whimsical Audience): textSecondary contrast failed (2.39:1 < 3.0:1)
  ✕ Rejected betterJailTheme (Better Jail): textSecondary contrast failed (2.72:1 < 3.0:1)
  ✕ Rejected giantErectionTheme (Giant Erection): textSecondary contrast failed (2.39:1 < 3.0:1)
  ✓ [41/200] Generated: concernedWiretapTheme (Concerned Wiretap)
  ✕ Rejected giftedYoyoTheme (Gifted Yoyo): textSecondary contrast failed (2.39:1 < 3.0:1)
  ✕ Rejected alluringSustainmentTheme (Alluring Sustainment): textSecondary contrast failed (2.95:1 < 3.0:1)
  ✕ Rejected dryPoisonTheme (Dry Poison): textSecondary contrast failed (2.39:1 < 3.0:1)
  ✕ Rejected eagerFingernailTheme (Eager Fingernail): textSecondary contrast failed (2.69:1 < 3.0:1)
  ✕ Rejected vaguePetitionTheme (Vague Petition): textSecondary contrast failed (2.46:1 < 3.0:1)
  ✕ Rejected testyHatredTheme (Testy Hatred): textSecondary contrast failed (2.30:1 < 3.0:1)
  ✕ Rejected littleGoodTheme (Little Good): textSecondary contrast failed (1.98:1 < 3.0:1)
  ✕ Rejected robustEquipmentTheme (Robust Equipment): textSecondary contrast failed (2.37:1 < 3.0:1)
  ✕ Rejected determinedTrooperTheme (Determined Trooper): statusWarning contrast failed (2.89:1 < 3.0:1)
  ✕ Rejected finickyDynamiteTheme (Finicky Dynamite): textSecondary contrast failed (2.78:1 < 3.0:1)
  ✕ Rejected godlyHeartTheme (Godly Heart): textSecondary contrast failed (2.23:1 < 3.0:1)
  ✕ Rejected adaptableBomberTheme (Adaptable Bomber): textSecondary contrast failed (2.84:1 < 3.0:1)
  ✕ Rejected neighborlyDevastationTheme (Neighborly Devastation): tempLine contrast failed (2.33:1 < 3.0:1)
  ✕ Rejected screechingBrieflyTheme (Screeching Briefly): statusWarning contrast failed (2.41:1 < 3.0:1)
  ✓ [42/200] Generated: illustriousNursingTheme (Illustrious Nursing)
  ✕ Rejected derangedCommuterTheme (Deranged Commuter): textSecondary contrast failed (1.79:1 < 3.0:1)
  ✕ Rejected wearyPepperTheme (Weary Pepper): textSecondary contrast failed (2.11:1 < 3.0:1)
  ✕ Rejected aloofGriefTheme (Aloof Grief): textSecondary contrast failed (1.85:1 < 3.0:1)
  ✕ Rejected fluffyHelpTheme (Fluffy Help): statusNominal contrast failed (2.84:1 < 3.0:1)
  ✕ Rejected industriousWatermelonTheme (Industrious Watermelon): textSecondary contrast failed (2.16:1 < 3.0:1)
  ✕ Rejected enthusiasticSesameTheme (Enthusiastic Sesame): textSecondary contrast failed (2.41:1 < 3.0:1)
  ✕ Rejected glibTransplantationTheme (Glib Transplantation): textSecondary contrast failed (2.61:1 < 3.0:1)
  ✕ Rejected uncoveredGammaRayTheme (Uncovered Gamma-Ray): statusWarning contrast failed (2.81:1 < 3.0:1)
  ✕ Rejected giantSpreadsheetTheme (Giant Spreadsheet): textSecondary contrast failed (2.29:1 < 3.0:1)
  ✕ Rejected fadedMacrofaunaTheme (Faded Macrofauna): textSecondary contrast failed (2.50:1 < 3.0:1)
  ✓ [43/200] Generated: abandonedMicrowaveTheme (Abandoned Microwave)
  ✕ Rejected petiteHandgunTheme (Petite Handgun): textSecondary contrast failed (2.45:1 < 3.0:1)
  ✕ Rejected exclusivePapaTheme (Exclusive Papa): textSecondary contrast failed (2.89:1 < 3.0:1)
  ✕ Rejected wackyWarlockTheme (Wacky Warlock): textSecondary contrast failed (2.50:1 < 3.0:1)
  ✓ [44/200] Generated: acridMalnutritionTheme (Acrid Malnutrition)
  ✕ Rejected reminiscentPoundingTheme (Reminiscent Pounding): textSecondary contrast failed (2.39:1 < 3.0:1)
  ✕ Rejected roundLycraTheme (Round Lycra): textSecondary contrast failed (2.09:1 < 3.0:1)
  ✕ Rejected awareManicureTheme (Aware Manicure): statusWarning contrast failed (2.33:1 < 3.0:1)
  ✕ Rejected levelTextualTheme (Level Textual): tempLine contrast failed (2.53:1 < 3.0:1)
  ✕ Rejected earlyAngstromTheme (Early Angstrom): tempLine contrast failed (2.53:1 < 3.0:1)
  ✕ Rejected superHitTheme (Super Hit): tempLine contrast failed (2.53:1 < 3.0:1)
  ✕ Rejected giddyRandomizationTheme (Giddy Randomization): tempLine contrast failed (2.53:1 < 3.0:1)
  ✕ Rejected naiveConditionerTheme (Naive Conditioner): tempLine contrast failed (2.53:1 < 3.0:1)
  ✓ [45/200] Generated: smallWarrenTheme (Small Warren)
  ✓ [46/200] Generated: energeticSuburbTheme (Energetic Suburb)
  ✕ Rejected strangeGamblingTheme (Strange Gambling): textSecondary contrast failed (2.92:1 < 3.0:1)
  ✕ Rejected fortunateDefaultTheme (Fortunate Default): textSecondary contrast failed (2.36:1 < 3.0:1)
  ✓ [47/200] Generated: honorableSlangTheme (Honorable Slang)
  ✕ Rejected ruthlessAuthorTheme (Ruthless Author): statusWarning contrast failed (2.72:1 < 3.0:1)
  ✓ [48/200] Generated: abashedSpoolTheme (Abashed Spool)
  ✕ Rejected pluckyWreckTheme (Plucky Wreck): statusWarning contrast failed (2.38:1 < 3.0:1)
  ✓ [49/200] Generated: embarrassedMainTheme (Embarrassed Main)
  ✓ [50/200] Generated: innocentLinerTheme (Innocent Liner)
  ✕ Rejected grandioseSchoolTheme (Grandiose School): textSecondary contrast failed (2.76:1 < 3.0:1)
  ✓ [51/200] Generated: economicCloneTheme (Economic Clone)
  ✓ [52/200] Generated: obnoxiousIncentiveTheme (Obnoxious Incentive)
  ✓ [53/200] Generated: reconditeProcessingTheme (Recondite Processing)
  ✓ [54/200] Generated: fretfulMemorialTheme (Fretful Memorial)
  ✓ [55/200] Generated: deliciousPtarmiganTheme (Delicious Ptarmigan)
  ✕ Rejected politicalRatioTheme (Political Ratio): accent contrast failed (2.84:1 < 3.0:1)
  ✕ Rejected knowledgeableModeTheme (Knowledgeable Mode): accent contrast failed (2.84:1 < 3.0:1)
  ✕ Rejected gainfulIdTheme (Gainful Id): accent contrast failed (2.56:1 < 3.0:1)
  ✕ Rejected overtQuiverTheme (Overt Quiver): accent contrast failed (2.56:1 < 3.0:1)
  ✕ Rejected derangedStudioTheme (Deranged Studio): statusNominal contrast failed (2.65:1 < 3.0:1)
  ✕ Rejected freezingGladiolusTheme (Freezing Gladiolus): statusNominal contrast failed (2.65:1 < 3.0:1)
  ✓ [56/200] Generated: rapidNurtureTheme (Rapid Nurture)
  ✓ [57/200] Generated: needlessTasteTheme (Needless Taste)
  ✓ [58/200] Generated: lowLeprosyTheme (Low Leprosy)
  ✓ [59/200] Generated: tinyPhilosopherTheme (Tiny Philosopher)
  ✓ [60/200] Generated: billowyLiteratureTheme (Billowy Literature)
  ✕ Rejected coolHurtTheme (Cool Hurt): statusNominal contrast failed (2.58:1 < 3.0:1)
  ✓ [61/200] Generated: waggishSensibilityTheme (Waggish Sensibility)
  ✓ [62/200] Generated: immenseHurdleTheme (Immense Hurdle)
  ✓ [63/200] Generated: judiciousGraftTheme (Judicious Graft)
  ✓ [64/200] Generated: fanaticalAltarTheme (Fanatical Altar)
  ✓ [65/200] Generated: enchantingChiliTheme (Enchanting Chili)
  ✓ [66/200] Generated: elderlyMachineryTheme (Elderly Machinery)
  ✓ [67/200] Generated: beautifulCommunionTheme (Beautiful Communion)
  ✓ [68/200] Generated: barbarousSustenanceTheme (Barbarous Sustenance)
  ✓ [69/200] Generated: wonderfulNoirTheme (Wonderful Noir)
  ✕ Rejected brashPuppetTheme (Brash Puppet): statusNominal contrast failed (2.92:1 < 3.0:1)
  ✓ [70/200] Generated: cuddlyOpiumTheme (Cuddly Opium)
  ✓ [71/200] Generated: auspiciousCoyoteTheme (Auspicious Coyote)
  ✓ [72/200] Generated: blackOkraTheme (Black Okra)
  ✓ [73/200] Generated: historicalSpleenTheme (Historical Spleen)
  ✓ [74/200] Generated: agonizingCicadaTheme (Agonizing Cicada)
  ✓ [75/200] Generated: tightfistedCageTheme (Tightfisted Cage)
  ✓ [76/200] Generated: axiomaticIlliteracyTheme (Axiomatic Illiteracy)
  ✓ [77/200] Generated: chillyCarolTheme (Chilly Carol)
  ✓ [78/200] Generated: hotDaylightTheme (Hot Daylight)
  ✓ [79/200] Generated: outstandingHamburgerTheme (Outstanding Hamburger)
  ✓ [80/200] Generated: harmoniousTimpaniTheme (Harmonious Timpani)
  ✓ [81/200] Generated: obsequiousJaguarTheme (Obsequious Jaguar)
  ✓ [82/200] Generated: unbecomingCaftanTheme (Unbecoming Caftan)
  ✕ Rejected defiantCrecheTheme (Defiant Creche): accent contrast failed (2.83:1 < 3.0:1)
  ✓ [83/200] Generated: markedBattleshipTheme (Marked Battleship)
  ✓ [84/200] Generated: homelessJewelTheme (Homeless Jewel)
  ✕ Rejected snobbishTurbanTheme (Snobbish Turban): accent contrast failed (2.95:1 < 3.0:1)
  ✓ [85/200] Generated: decorousCodeTheme (Decorous Code)
  ✓ [86/200] Generated: petiteNestlingTheme (Petite Nestling)
  ✕ Rejected yieldingAlienTheme (Yielding Alien): statusNominal contrast failed (2.47:1 < 3.0:1)
  ✕ Rejected discreetLobsterTheme (Discreet Lobster): statusNominal contrast failed (2.47:1 < 3.0:1)
  ✓ [87/200] Generated: psychoticBobcatTheme (Psychotic Bobcat)
  ✓ [88/200] Generated: ablazePardTheme (Ablaze Pard)
  ✕ Rejected receptiveEMailTheme (Receptive E-Mail): statusNominal contrast failed (2.21:1 < 3.0:1)
  ✕ Rejected fadedGreensTheme (Faded Greens): statusNominal contrast failed (2.21:1 < 3.0:1)
  ✕ Rejected xRatedChastityTheme (X-Rated Chastity): statusNominal contrast failed (2.25:1 < 3.0:1)
  ✕ Rejected tightfistedGapTheme (Tightfisted Gap): statusNominal contrast failed (2.25:1 < 3.0:1)
  ✕ Rejected diligentHighwayTheme (Diligent Highway): statusNominal contrast failed (1.97:1 < 3.0:1)
  ✕ Rejected ambiguousChimeTheme (Ambiguous Chime): statusNominal contrast failed (1.97:1 < 3.0:1)
  ✕ Rejected abusiveWasabiTheme (Abusive Wasabi): statusNominal contrast failed (1.87:1 < 3.0:1)
  ✕ Rejected assortedTuskTheme (Assorted Tusk): statusNominal contrast failed (1.87:1 < 3.0:1)
  ✕ Rejected halfSpawnTheme (Half Spawn): statusNominal contrast failed (1.78:1 < 3.0:1)
  ✕ Rejected sassyOrganisationTheme (Sassy Organisation): statusNominal contrast failed (1.78:1 < 3.0:1)
  ✕ Rejected swelteringSwitchTheme (Sweltering Switch): statusNominal contrast failed (1.92:1 < 3.0:1)
  ✕ Rejected rebelliousPublisherTheme (Rebellious Publisher): statusNominal contrast failed (1.92:1 < 3.0:1)
  ✕ Rejected fierceMemoryTheme (Fierce Memory): statusNominal contrast failed (1.81:1 < 3.0:1)
  ✕ Rejected crabbyThongsTheme (Crabby Thongs): statusNominal contrast failed (1.81:1 < 3.0:1)
  ✓ [89/200] Generated: dispensableBathhouseTheme (Dispensable Bathhouse)
  ✓ [90/200] Generated: ruddyShelfTheme (Ruddy Shelf)
  ✓ [91/200] Generated: aromaticDigestiveTheme (Aromatic Digestive)
  ✕ Rejected plainOutlookTheme (Plain Outlook): statusWarning contrast failed (2.21:1 < 3.0:1)
  ✕ Rejected redSightseeingTheme (Red Sightseeing): textSecondary contrast failed (2.35:1 < 3.0:1)
  ✓ [92/200] Generated: haplessParanoiaTheme (Hapless Paranoia)
  ✓ [93/200] Generated: etherealElmTheme (Ethereal Elm)
  ✕ Rejected jollyFraudsterTheme (Jolly Fraudster): accent contrast failed (1.12:1 < 3.0:1)
  ✓ [94/200] Generated: toughMathTheme (Tough Math)
  ✓ [95/200] Generated: stakingLilacTheme (Staking Lilac)
  ✕ Rejected volatileMatterTheme (Volatile Matter): accent contrast failed (2.48:1 < 3.0:1)
  ✕ Rejected lovelyStateTheme (Lovely State): textSecondary contrast failed (2.35:1 < 3.0:1)
  ✕ Rejected panoramicDetourTheme (Panoramic Detour): textSecondary contrast failed (2.35:1 < 3.0:1)
  ✕ Rejected machoWorkshopTheme (Macho Workshop): textSecondary contrast failed (2.11:1 < 3.0:1)
  ✓ [96/200] Generated: lamentableTombTheme (Lamentable Tomb)
  ✓ [97/200] Generated: vaguePieceTheme (Vague Piece)
  ✓ [98/200] Generated: waryPetitionerTheme (Wary Petitioner)
  ✓ [99/200] Generated: quixoticTurningTheme (Quixotic Turning)
  ✕ Rejected piquantRevenantTheme (Piquant Revenant): statusWarning contrast failed (1.74:1 < 3.0:1)
  ✕ Rejected parsimoniousKeyboardTheme (Parsimonious Keyboard): statusWarning contrast failed (1.74:1 < 3.0:1)
  ✓ [100/200] Generated: burlyLoxTheme (Burly Lox)
  ✓ [101/200] Generated: roomyClauseTheme (Roomy Clause)
  ✕ Rejected shiveringSupernaturalTheme (Shivering Supernatural): accent contrast failed (2.13:1 < 3.0:1)
  ✕ Rejected rainyDuckTheme (Rainy Duck): accent contrast failed (2.13:1 < 3.0:1)
  ✕ Rejected tightZoologyTheme (Tight Zoology): accent contrast failed (2.06:1 < 3.0:1)
  ✕ Rejected protectiveFitTheme (Protective Fit): accent contrast failed (2.06:1 < 3.0:1)
  ✕ Rejected sedateMoneyTheme (Sedate Money): accent contrast failed (2.05:1 < 3.0:1)
  ✕ Rejected shrillOarTheme (Shrill Oar): accent contrast failed (2.05:1 < 3.0:1)
  ✕ Rejected unbecomingPaintworkTheme (Unbecoming Paintwork): accent contrast failed (2.05:1 < 3.0:1)
  ✕ Rejected direfulProstacyclinTheme (Direful Prostacyclin): accent contrast failed (2.05:1 < 3.0:1)
  ✓ [102/200] Generated: abandonedArgumentTheme (Abandoned Argument)
  ✓ [103/200] Generated: mushyWatcherTheme (Mushy Watcher)
  ✕ Rejected attractiveAdoptionTheme (Attractive Adoption): statusCritical contrast failed (2.57:1 < 3.0:1)
  ✓ [104/200] Generated: defeatedAnesthesiologyTheme (Defeated Anesthesiology)
  ✕ Rejected direfulHopsTheme (Direful Hops): statusWarning contrast failed (2.10:1 < 3.0:1)
  ✓ [105/200] Generated: grandioseDaggerTheme (Grandiose Dagger)
  ✓ [106/200] Generated: grotesqueEffectTheme (Grotesque Effect)
  ✓ [107/200] Generated: soggyMillstoneTheme (Soggy Millstone)
  ✓ [108/200] Generated: clearTapeTheme (Clear Tape)
  ✓ [109/200] Generated: mushyBrotherInLawTheme (Mushy Brother-In-Law)
  ✓ [110/200] Generated: garrulousGastropodTheme (Garrulous Gastropod)
  ✕ Rejected observantMiddleTheme (Observant Middle): statusWarning contrast failed (2.82:1 < 3.0:1)
  ✕ Rejected cloisteredTradingTheme (Cloistered Trading): statusWarning contrast failed (2.82:1 < 3.0:1)
  ✕ Rejected boringFabricTheme (Boring Fabric): statusWarning contrast failed (2.82:1 < 3.0:1)
  ✕ Rejected unevenHorrorTheme (Uneven Horror): statusWarning contrast failed (2.82:1 < 3.0:1)
  ✓ [111/200] Generated: muddledMeaningTheme (Muddled Meaning)
  ✓ [112/200] Generated: blushingStressTheme (Blushing Stress)
  ✓ [113/200] Generated: adHocMorningTheme (Ad Hoc Morning)
  ✓ [114/200] Generated: wiryGeldingTheme (Wiry Gelding)
  ✓ [115/200] Generated: freezingBondingTheme (Freezing Bonding)
  ✕ Rejected roundMapleTheme (Round Maple): accent contrast failed (2.78:1 < 3.0:1)
  ✕ Skipped yukinord: invalid literal for int() with base 16: 'ul'
  ✓ [116/200] Generated: adhesiveTvTheme (Adhesive Tv)
  ✓ [117/200] Generated: giganticGalleyTheme (Gigantic Galley)
  ✕ Rejected robustCrabTheme (Robust Crab): statusNominal contrast failed (2.58:1 < 3.0:1)
  ✕ Rejected accidentalLobsterTheme (Accidental Lobster): statusNominal contrast failed (2.58:1 < 3.0:1)
  ✓ [118/200] Generated: drabVoyageTheme (Drab Voyage)
  ✓ [119/200] Generated: lackadaisicalSweatshirtTheme (Lackadaisical Sweatshirt)
  ✓ [120/200] Generated: hilariousEquivalentTheme (Hilarious Equivalent)
  ✓ [121/200] Generated: stupidVinylTheme (Stupid Vinyl)
  ✕ Rejected womanlyAquariumTheme (Womanly Aquarium): statusWarning contrast failed (1.74:1 < 3.0:1)
  ✕ Rejected abruptFlowTheme (Abrupt Flow): statusWarning contrast failed (1.74:1 < 3.0:1)
  ✓ [122/200] Generated: abhorrentTolerantTheme (Abhorrent Tolerant)
  ✕ Rejected optimalSwitchingTheme (Optimal Switching): statusWarning contrast failed (1.74:1 < 3.0:1)
  ✓ [123/200] Generated: oldForteTheme (Old Forte)
  ✕ Rejected tameLinseedTheme (Tame Linseed): statusWarning contrast failed (1.74:1 < 3.0:1)
  ✓ [124/200] Generated: repulsiveFirewallTheme (Repulsive Firewall)
  ✕ Rejected habitualPlierTheme (Habitual Plier): statusWarning contrast failed (1.74:1 < 3.0:1)
  ✓ [125/200] Generated: symptomaticMeatTheme (Symptomatic Meat)
  ✕ Rejected wackyNinjaTheme (Wacky Ninja): statusWarning contrast failed (1.74:1 < 3.0:1)
  ✓ [126/200] Generated: giantSombreroTheme (Giant Sombrero)
  ✕ Rejected abundantConservativeTheme (Abundant Conservative): statusWarning contrast failed (1.74:1 < 3.0:1)
  ✕ Rejected shortImpulseTheme (Short Impulse): accent contrast failed (2.40:1 < 3.0:1)
  ✕ Rejected uncoveredProphetTheme (Uncovered Prophet): statusWarning contrast failed (1.74:1 < 3.0:1)
  ✓ [127/200] Generated: stakingSpiderTheme (Staking Spider)
  ✕ Rejected callousDulcimerTheme (Callous Dulcimer): statusWarning contrast failed (1.74:1 < 3.0:1)
  ✕ Rejected purpleEveningTheme (Purple Evening): statusNominal contrast failed (2.59:1 < 3.0:1)
  ✓ [128/200] Generated: succinctZephyrTheme (Succinct Zephyr)
  ✕ Rejected vigorousScraperTheme (Vigorous Scraper): textSecondary contrast failed (1.84:1 < 3.0:1)
  ✓ [129/200] Generated: lavishTaxiTheme (Lavish Taxi)
  ✓ [130/200] Generated: soggyDiscrepancyTheme (Soggy Discrepancy)
  ✓ [131/200] Generated: vengefulAstronomyTheme (Vengeful Astronomy)
  ✓ [132/200] Generated: sordidWorshipTheme (Sordid Worship)
  ✓ [133/200] Generated: etherealPluginTheme (Ethereal Plugin)
  ✓ [134/200] Generated: hugeDictatorTheme (Huge Dictator)
  ✕ Rejected adjoiningMetaphorTheme (Adjoining Metaphor): statusWarning contrast failed (1.74:1 < 3.0:1)
  ✕ Rejected rhetoricalMatchmakerTheme (Rhetorical Matchmaker): statusWarning contrast failed (1.74:1 < 3.0:1)
  ✓ [135/200] Generated: squareFutureTheme (Square Future)
  ✕ Rejected hypnoticVictimTheme (Hypnotic Victim): textSecondary contrast failed (2.20:1 < 3.0:1)
  ✕ Rejected torpidEncouragementTheme (Torpid Encouragement): statusWarning contrast failed (1.74:1 < 3.0:1)
  ✓ [136/200] Generated: uglyWastebasketTheme (Ugly Wastebasket)
  ✕ Rejected confusedHabitatTheme (Confused Habitat): accent contrast failed (2.99:1 < 3.0:1)
  ✕ Rejected teenyTinyAnginaTheme (Teeny-Tiny Angina): textSecondary contrast failed (2.09:1 < 3.0:1)
  ✕ Rejected erraticPiracyTheme (Erratic Piracy): accent contrast failed (2.79:1 < 3.0:1)
  ✕ Rejected parchedTambourTheme (Parched Tambour): statusWarning contrast failed (1.74:1 < 3.0:1)
  ✓ [137/200] Generated: embarrassedTaxTheme (Embarrassed Tax)
  ✕ Rejected cloudyToleranceTheme (Cloudy Tolerance): statusWarning contrast failed (1.74:1 < 3.0:1)
  ✓ [138/200] Generated: uptightDawnTheme (Uptight Dawn)
  ✓ [139/200] Generated: garrulousReluctanceTheme (Garrulous Reluctance)
  ✕ Rejected lovelyMamaTheme (Lovely Mama): accent contrast failed (1.87:1 < 3.0:1)
  ✕ Rejected pleasantRemarkTheme (Pleasant Remark): accent contrast failed (2.82:1 < 3.0:1)
  ✓ [140/200] Generated: diligentArmadilloTheme (Diligent Armadillo)
  ✓ [141/200] Generated: cleanElementTheme (Clean Element)
  ✓ [142/200] Generated: rainyDriverTheme (Rainy Driver)
  ✓ [143/200] Generated: scrawnySkatingTheme (Scrawny Skating)
  ✓ [144/200] Generated: parsimoniousMosqueTheme (Parsimonious Mosque)
  ✓ [145/200] Generated: ickyIceTheme (Icky Ice)
  ✓ [146/200] Generated: sparklingBorrowerTheme (Sparkling Borrower)
  ✓ [147/200] Generated: capableDaybedTheme (Capable Daybed)
  ✓ [148/200] Generated: foamyDumpTheme (Foamy Dump)
  ✓ [149/200] Generated: credibleMarketerTheme (Credible Marketer)
  ✕ Rejected unusualLatterTheme (Unusual Latter): statusWarning contrast failed (1.74:1 < 3.0:1)
  ✕ Rejected slimyGarterTheme (Slimy Garter): statusWarning contrast failed (1.74:1 < 3.0:1)
  ✓ [150/200] Generated: cowardlyMansionTheme (Cowardly Mansion)
  ✓ [151/200] Generated: cautiousWeekenderTheme (Cautious Weekender)
  ✕ Rejected happyResolutionTheme (Happy Resolution): textSecondary contrast failed (2.97:1 < 3.0:1)
  ✓ [152/200] Generated: typicalRationaleTheme (Typical Rationale)
  ✕ Rejected axiomaticTragedyTheme (Axiomatic Tragedy): statusWarning contrast failed (1.74:1 < 3.0:1)
  ✕ Rejected oldIncisionTheme (Old Incision): statusWarning contrast failed (1.74:1 < 3.0:1)
  ✓ [153/200] Generated: outrageousMotorboatTheme (Outrageous Motorboat)
  ✕ Rejected oceanicPigletTheme (Oceanic Piglet): statusNominal contrast failed (2.37:1 < 3.0:1)
  ✕ Rejected zealousDamageTheme (Zealous Damage): statusNominal contrast failed (2.72:1 < 3.0:1)
  ✓ [154/200] Generated: nervousInnervationTheme (Nervous Innervation)
  ✕ Rejected combativeEctodermTheme (Combative Ectoderm): accent contrast failed (2.46:1 < 3.0:1)
  ✕ Rejected minorAccessTheme (Minor Access): statusNominal contrast failed (2.72:1 < 3.0:1)
  ✓ [155/200] Generated: newRoleTheme (New Role)
  ✕ Rejected excellentNecessityTheme (Excellent Necessity): statusWarning contrast failed (1.74:1 < 3.0:1)
  ✓ [156/200] Generated: superGravityTheme (Super Gravity)
  ✓ [157/200] Generated: hypnoticEchidnaTheme (Hypnotic Echidna)
  ✕ Rejected widePsychologyTheme (Wide Psychology): textSecondary contrast failed (2.33:1 < 3.0:1)
  ✕ Rejected swiftSpragTheme (Swift Sprag): statusWarning contrast failed (1.74:1 < 3.0:1)
  ✕ Rejected bewilderedMoonshineTheme (Bewildered Moonshine): statusNominal contrast failed (2.92:1 < 3.0:1)
  ✕ Rejected flagrantManagerTheme (Flagrant Manager): accent contrast failed (2.48:1 < 3.0:1)
  ✓ [158/200] Generated: acceptableSlateTheme (Acceptable Slate)
  ✓ [159/200] Generated: neighborlyOverclockingTheme (Neighborly Overclocking)
  ✕ Rejected ultraIroncladTheme (Ultra Ironclad): textSecondary contrast failed (2.24:1 < 3.0:1)
  ✓ [160/200] Generated: rainyPapayaTheme (Rainy Papaya)
  ✓ [161/200] Generated: tenseMidwifeTheme (Tense Midwife)
  ✓ [162/200] Generated: periodicMarathonTheme (Periodic Marathon)
  ✕ Rejected miscreantQuartzTheme (Miscreant Quartz): accent contrast failed (2.34:1 < 3.0:1)
  ✕ Rejected grouchyThumpTheme (Grouchy Thump): statusCritical contrast failed (2.95:1 < 3.0:1)
  ✓ [163/200] Generated: giantPonchoTheme (Giant Poncho)
  ✓ [164/200] Generated: annoyingKnockTheme (Annoying Knock)
  ✓ [165/200] Generated: elegantVignetteTheme (Elegant Vignette)
  ✓ [166/200] Generated: credibleChowderTheme (Credible Chowder)
  ✓ [167/200] Generated: capriciousStackTheme (Capricious Stack)
  ✓ [168/200] Generated: obnoxiousHealthTheme (Obnoxious Health)
  ✕ Rejected undesirableRescueTheme (Undesirable Rescue): statusWarning contrast failed (1.58:1 < 3.0:1)
  ✕ Rejected screechingProduceTheme (Screeching Produce): statusWarning contrast failed (1.58:1 < 3.0:1)
  ✓ [169/200] Generated: fascinatedCoachTheme (Fascinated Coach)
  ✓ [170/200] Generated: longHedgehogTheme (Long Hedgehog)
  ✓ [171/200] Generated: squareIndependenceTheme (Square Independence)
  ✓ [172/200] Generated: thoughtlessCollisionTheme (Thoughtless Collision)
  ✓ [173/200] Generated: helpfulFibroblastTheme (Helpful Fibroblast)
  ✓ [174/200] Generated: deafeningDragTheme (Deafening Drag)
  ✓ [175/200] Generated: vengefulTermiteTheme (Vengeful Termite)
  ✓ [176/200] Generated: undesirableDepartureTheme (Undesirable Departure)
  ✓ [177/200] Generated: briefCrestTheme (Brief Crest)
  ✓ [178/200] Generated: faultyAccuracyTheme (Faulty Accuracy)
  ✓ [179/200] Generated: halfPleasureTheme (Half Pleasure)
  ✓ [180/200] Generated: nonchalantSeekerTheme (Nonchalant Seeker)
  ✓ [181/200] Generated: colossalShippingTheme (Colossal Shipping)
  ✓ [182/200] Generated: importedInstanceTheme (Imported Instance)
  ✓ [183/200] Generated: humorousArrestTheme (Humorous Arrest)
  ✓ [184/200] Generated: wakefulMarkTheme (Wakeful Mark)
  ✓ [185/200] Generated: muddyOfferingTheme (Muddy Offering)
  ✓ [186/200] Generated: supremeGaspTheme (Supreme Gasp)
  ✓ [187/200] Generated: nutritiousBackburnTheme (Nutritious Backburn)
  ✓ [188/200] Generated: purringInchTheme (Purring Inch)
  ✓ [189/200] Generated: boilingSpeakerphoneTheme (Boiling Speakerphone)
  ✕ Rejected garrulousSeekerTheme (Garrulous Seeker): statusWarning contrast failed (1.74:1 < 3.0:1)
  ✓ [190/200] Generated: unbecomingPlumeTheme (Unbecoming Plume)
  ✕ Rejected proudSolicitationTheme (Proud Solicitation): tempLine contrast failed (2.37:1 < 3.0:1)
  ✓ [191/200] Generated: legalDangerTheme (Legal Danger)
  ✓ [192/200] Generated: softMotorcycleTheme (Soft Motorcycle)
  ✕ Rejected defectiveSewerTheme (Defective Sewer): accent contrast failed (2.78:1 < 3.0:1)
  ✓ [193/200] Generated: thirstyHammockTheme (Thirsty Hammock)
  ✓ [194/200] Generated: matureReportingTheme (Mature Reporting)
  ✓ [195/200] Generated: obnoxiousPimpTheme (Obnoxious Pimp)
  ✓ [196/200] Generated: proudScoutTheme (Proud Scout)
  ✓ [197/200] Generated: lackingGoodbyeTheme (Lacking Goodbye)
  ✓ [198/200] Generated: oafishRiseTheme (Oafish Rise)
  ✕ Rejected standingTenantTheme (Standing Tenant): statusNominal contrast failed (2.94:1 < 3.0:1)
  ✕ Rejected domineeringVariableTheme (Domineering Variable): accent contrast failed (2.91:1 < 3.0:1)
  ✕ Rejected thinkableCourageTheme (Thinkable Courage): accent contrast failed (2.91:1 < 3.0:1)
  ✕ Rejected terribleSubTheme (Terrible Sub): statusNominal contrast failed (2.67:1 < 3.0:1)
  ✕ Rejected warlikeUpwardTheme (Warlike Upward): accent contrast failed (2.91:1 < 3.0:1)
  ✕ Rejected guardedNestmateTheme (Guarded Nestmate): statusNominal contrast failed (2.67:1 < 3.0:1)
  ✓ [199/200] Generated: gaudyAntiqueTheme (Gaudy Antique)
  ✓ [200/200] Generated: resonantAfterlifeTheme (Resonant Afterlife)
